
ASEM-51 V1.3                                         Copyright (c) 2002 by W.W. Heinz                                         PAGE 1





       MCS-51 Family Macro Assembler   A S E M - 5 1   V 1.3
       =====================================================



	Source File:	C:\Users\losoo\Downloads\MicroFinalQuiz\01 S\S1\ASM_Serial\mySerial.A51
	Object File:	C:\Users\losoo\Downloads\MicroFinalQuiz\01 S\S1\ASM_Serial\mySerial.hex
	List File:	C:\Users\losoo\Downloads\MicroFinalQuiz\01 S\S1\ASM_Serial\mySerial.lst



 Line  I  Addr  Code            Source

    1:
    2:				;============  Initial Serial Port   ============
    3:	  0000	75 89 21	Initial_Serial:	MOV	TMOD,#00100001B	; T1M2 T0M1
    4:	  0003	75 98 50			MOV	SCON,#01010000B	; Serial Mode1
    5:	  0006	75 8D FB			MOV	TH1,#0FBH	; 9600 FDH@18.432MHz
    6:	  0009	74 FD				MOV	A,#-3 	; FBH@18.432MHz
    7:	  000B	F5 87				MOV	PCON,A	; SMOD = 0
    8:	  000D	C2 AF				CLR	EA	; Disable All
    9:	  000F	D2 8E				SETB	TR1	; Start Timer1
   10:	  0011	22				RET
   11:
   12:				;==========  Send Data to Serial Port   ==========
   13:	  0012	C0 E0		SEND_2HEX:	PUSH	Acc
   14:	  0014	C4				SWAP	A
   15:	  0015	12 00 1A			CALL	SEND_1HEX
   16:	  0018	D0 E0				POP	Acc
   17:	  001A	C0 83		SEND_1HEX:	PUSH	DPH
   18:	  001C	C0 82				PUSH	DPL
   19:	  001E	90 00 38			MOV	DPTR,#HEXASC_TAB
   20:	  0021	54 0F				ANL	A,#0FH
   21:	  0023	93				MOVC	A,@A+DPTR
   22:	  0024	D0 82				POP	DPL
   23:	  0026	D0 83				POP	DPH
   24:	  0028	C0 A8		SEND_ASCII:	PUSH	IE
   25:	  002A	C2 AC				CLR	ES
   26:	  002C	C2 99				CLR    	TI
   27:	  002E	F5 99				MOV    	SBUF,A
   28:	  0030	30 99 FD			JNB    	TI,$
   29:	  0033	C2 99				CLR    	TI
   30:	  0035	D0 A8				POP	IE
   31:	  0037	22				RET
   32:	  0038	30 31 32 33	HEXASC_TAB: 	DB	'0123456789ABCDEF'
	  003C	34 35 36 37
	  0040	38 39 41 42
	  0044	43 44 45 46
   33:
   34:				;=========   Send Line Feed =================
   35:	  0048	74 0D		Send_LineFeed:	MOV	A,#0DH
   36:	  004A	11 28				CALL	Send_ASCII
   37:	  004C	74 0A				MOV	A,#0AH
   38:	  004E	11 28				CALL	Send_ASCII
   39:	  0050	22				RET
   40:

ASEM-51 V1.3                                         Copyright (c) 2002 by W.W. Heinz                                         PAGE 2



 Line  I  Addr  Code            Source

   41:				;========  Send Line Feed ==================
   42:	  0051	74 0C		Send_ClrScr:	MOV	A,#0CH
   43:	  0053	11 28				CALL	Send_ASCII
   44:	  0055	22				RET
   45:
   46:				;== Send Data Table to Serial Start@DPTR to '00H' =
   47:	  0056	E4		Send_Table:	CLR	A
   48:	  0057	93				MOVC	A,@A+DPTR
   49:	  0058	60 05				JZ	_X_Send_Tab
   50:	  005A	11 28				CALL	SEND_ASCII
   51:	  005C	A3				INC	DPTR
   52:	  005D	80 F7				JMP	Send_Table
   53:	  005F	22		_X_Send_Tab:	RET
   54:
   55:				;========= Send 1-Byte@Acc to SERIAL =========
   56:	  0060	C0 A8		TX_BYTE:	PUSH	IE
   57:	  0062	C2 AC				CLR	ES
   58:	  0064	C2 99				CLR	TI
   59:	  0066	F5 99				MOV	SBUF,A
   60:	  0068	30 99 FD			JNB	TI,$
   61:	  006B	C2 99				CLR	TI
   62:	  006D	D0 A8				POP	IE
   63:	  006F	22				RET
   64:
   65:				;====== Receive Data From SERIAL to Acc ========
   66:	  0070	C0 A8		RX_BYTE:	PUSH	IE
   67:	  0072	C2 AC				CLR	ES
   68:	  0074	30 98 FD			JNB	RI,$	; Wait data
   69:	  0077	C2 98				CLR	RI
   70:	  0079	E5 99				MOV	A,SBUF
   71:	  007B	D0 A8				POP	IE
   72:	  007D	22				RET
								^
			  @@@@@ no END statement found @@@@@






                     register banks used:  ---

                     1 error detected




ASEM-51 V1.3                                         Copyright (c) 2002 by W.W. Heinz                                         PAGE 3





	       L I S T   O F   S Y M B O L S
	       =============================


SYMBOL				  TYPE     VALUE	LINE
------------------------------------------------------------
??ASEM_51			  NUMBER    8051
??VERSION			  NUMBER    0130
AC				  BIT	      D6
ACC				  DATA	      E0
B				  DATA	      F0
CY				  BIT	      D7
DPH				  DATA	      83
DPL				  DATA	      82
EA				  BIT	      AF
ES				  BIT	      AC
ET0				  BIT	      A9
ET1				  BIT	      AB
EX0				  BIT	      A8
EX1				  BIT	      AA
EXTI0				  CODE	    0003
EXTI1				  CODE	    0013
F0				  BIT	      D5
HEXASC_TAB			  CODE	    0038	  32
IE				  DATA	      A8
IE0				  BIT	      89
IE1				  BIT	      8B
INITIAL_SERIAL			  CODE	    0000	   3
INT0				  BIT	      B2
INT1				  BIT	      B3
IP				  DATA	      B8
IT0				  BIT	      88
IT1				  BIT	      8A
OV				  BIT	      D2
P				  BIT	      D0
P0				  DATA	      80
P1				  DATA	      90
P2				  DATA	      A0
P3				  DATA	      B0
PCON				  DATA	      87
PS				  BIT	      BC
PSW				  DATA	      D0
PT0				  BIT	      B9
PT1				  BIT	      BB
PX0				  BIT	      B8
PX1				  BIT	      BA
RB8				  BIT	      9A
RD				  BIT	      B7
REN				  BIT	      9C
RESET				  CODE	    0000
RI				  BIT	      98
RS0				  BIT	      D3
RS1				  BIT	      D4
RXD				  BIT	      B0
RX_BYTE				  CODE	    0070	  66
SBUF				  DATA	      99

ASEM-51 V1.3                                         Copyright (c) 2002 by W.W. Heinz                                         PAGE 4



SYMBOL				  TYPE     VALUE	LINE
------------------------------------------------------------
SCON				  DATA	      98
SEND_1HEX			  CODE	    001A	  17
SEND_2HEX			  CODE	    0012	  13
SEND_ASCII			  CODE	    0028	  24
SEND_CLRSCR			  CODE	    0051	  42
SEND_LINEFEED			  CODE	    0048	  35
SEND_TABLE			  CODE	    0056	  47
SINT				  CODE	    0023
SM0				  BIT	      9F
SM1				  BIT	      9E
SM2				  BIT	      9D
SP				  DATA	      81
T0				  BIT	      B4
T1				  BIT	      B5
TB8				  BIT	      9B
TCON				  DATA	      88
TF0				  BIT	      8D
TF1				  BIT	      8F
TH0				  DATA	      8C
TH1				  DATA	      8D
TI				  BIT	      99
TIMER0				  CODE	    000B
TIMER1				  CODE	    001B
TL0				  DATA	      8A
TL1				  DATA	      8B
TMOD				  DATA	      89
TR0				  BIT	      8C
TR1				  BIT	      8E
TXD				  BIT	      B1
TX_BYTE				  CODE	    0060	  56
WR				  BIT	      B6
_X_SEND_TAB			  CODE	    005F	  53
